// Jest Snapshot v1, https://goo.gl/fbAQLP

exports[`should render NotFoundPage with fixture data 1`] = `
<div>
  This is from my 404 component  
  <Link
    to="/"
  >
    Go Home
  </Link>
</div>
`;
